
> caich-app@0.0.0 build
> ng build

[33mÔØ»[39m Building...
[32mÔ£ö[39m Building...
Application bundle generation failed. [5.512 seconds] - 2026-02-17T23:38:29.745Z

node.exe : [1m[31m[31mX [41;31m[[41;97mERROR[41;31m][0m [1mTS2339: 
Property 'estado' does not exist on type 'TicketFiltroDTO'.[0m 
[1m[35m[plugin angular-compiler][0m
En C:\nvm4w\nodejs\npm.ps1: 29 Carácter: 3
+   & $NODE_EXE $NPM_CLI_JS $args
+   ~~~~~~~~~~~~~~~~~~~~~~~~~~~~~
    + CategoryInfo          : NotSpecified: ([1m[31m[31mX...r-compiler][0m 
   :String) [], RemoteException
    + FullyQualifiedErrorId : NativeCommandError
 

    src/app/core/services/tickets.service.ts:62:16:
[37m      62 Ôöé     if (filtro?.[32mestado[37m) params = 
params.set('estado', filtro.estado);
         ÔòÁ                 [32m~~~~~~[0m


[31mX [41;31m[[41;97mERROR[41;31m][0m [1mTS2339: Property 'estado' does 
not exist on type 'TicketFiltroDTO'.[0m [1m[35m[plugin angular-compiler][0m

    src/app/core/services/tickets.service.ts:62:61:
[37m      62 Ôöé     if (filtro?.estado) params = params.set('estado', 
filtro.[32mestado[37m);
         ÔòÁ                                                              
[32m~~~~~~[0m


[31mX [41;31m[[41;97mERROR[41;31m][0m [1mTS2322: Type 
'Observable<DataResponseDTO<TicketDTO[]>>' is not assignable to type 
'Observable<TicketDTO[]>'.
  Type 'DataResponseDTO<TicketDTO[]>' is missing the following properties from 
type 'TicketDTO[]': length, pop, push, concat, and 29 more.[0m 
[1m[35m[plugin angular-compiler][0m

    src/app/core/services/tickets.service.ts:64:4:
[37m      64 Ôöé     [32mreturn[37m this.http
         ÔòÁ     [32m~~~~~~[0m


[31mX [41;31m[[41;97mERROR[41;31m][0m [1mTS2322: Type 
'Observable<DataResponseDTO<TicketDTO>>' is not assignable to type 
'Observable<TicketDTO>'.
  Type 'DataResponseDTO<TicketDTO>' has no properties in common with type 
'TicketDTO'.[0m [1m[35m[plugin angular-compiler][0m

    src/app/core/services/tickets.service.ts:128:4:
[37m      128 Ôöé     [32mreturn[37m 
this.http.post<DataResponseDTO<TicketDTO>>(`${API_BASE...
          ÔòÁ     [32m~~~~~~[0m


[31mX [41;31m[[41;97mERROR[41;31m][0m [1mTS2322: Type 
'Observable<DataResponseDTO<TicketDTO>>' is not assignable to type 
'Observable<TicketDTO>'.
  Type 'DataResponseDTO<TicketDTO>' has no properties in common with type 
'TicketDTO'.[0m [1m[35m[plugin angular-compiler][0m

    src/app/core/services/tickets.service.ts:160:4:
[37m      160 Ôöé     [32mreturn[37m 
this.http.put<DataResponseDTO<TicketDTO>>(`${API_BASE}...
          ÔòÁ     [32m~~~~~~[0m


[31mX [41;31m[[41;97mERROR[41;31m][0m [1mCould not resolve 
"@angular/animations/browser"[0m

    node_modules/@angular/platform-browser/fesm2022/animations-async.mjs:37:53:
[37m      37 Ôöé ....moduleImpl ?? 
import([32m'@angular/animations/browser'[37m).then(m => m);
         ÔòÁ                          [32m~~~~~~~~~~~~~~~~~~~~~~~~~~~~~[0m

  You can mark the path "@angular/animations/browser" as external to exclude 
it from the bundle, which will remove this error and leave the unresolved path 
in the bundle. You can also add ".catch()" here to handle this failure at 
run-time instead of bundle-time.

[39m[22m
